
added 27 packages, and audited 28 packages in 1s

6 packages are looking for funding
  run `npm fund` for details

found 0 vulnerabilities
npm warn install-scripts 2 packages have install scripts not yet covered by allowScripts:
npm warn install-scripts   esbuild@0.28.2 (postinstall: node install.js)
npm warn install-scripts   fsevents@2.3.3 (install: (install scripts present))
npm warn install-scripts
npm warn install-scripts Run `npm install-scripts ls` to review, or `npm install-scripts approve <pkg>` to allow.

> photo-cleanup-web@0.1.0 build
> tsc --noEmit && vite build && node scripts/check-bundle.mjs

vite v7.3.6 building client environment for production...
transforming...
✓ 36 modules transformed.
rendering chunks...
computing gzip size...
dist/index.html        0.42 kB │ gzip:   0.26 kB
dist/static/app.css   33.44 kB │ gzip:   7.59 kB
dist/static/app.js   374.85 kB │ gzip: 116.01 kB
✓ built in 528ms
Static bundle: 120.7 KiB gzip / 400 KiB
